// Jest Snapshot v1, https://goo.gl/fbAQLP

exports[`CustomPagination 1`] = `
<div
  className="makeStyles-pagination-2"
>
  <div
    className="makeStyles-paginationButton-3"
  >
    <button
      className="MuiButtonBase-root MuiButton-root MuiButton-text makeStyles-commonButtonClass-4 Mui-disabled Mui-disabled"
      disabled={true}
      onBlur={[Function]}
      onClick={[Function]}
      onDragLeave={[Function]}
      onFocus={[Function]}
      onKeyDown={[Function]}
      onKeyUp={[Function]}
      onMouseDown={[Function]}
      onMouseLeave={[Function]}
      onMouseUp={[Function]}
      onTouchEnd={[Function]}
      onTouchMove={[Function]}
      onTouchStart={[Function]}
      tabIndex={-1}
      type="button"
    >
      <span
        className="MuiButton-label"
      >
        BACK
      </span>
    </button>
    <div
      className="makeStyles-page-7"
    >
      Page 
      1
       of 
      0
    </div>
    <button
      className="MuiButtonBase-root MuiButton-root MuiButton-text makeStyles-commonButtonClass-4"
      disabled={false}
      onBlur={[Function]}
      onClick={[Function]}
      onDragLeave={[Function]}
      onFocus={[Function]}
      onKeyDown={[Function]}
      onKeyUp={[Function]}
      onMouseDown={[Function]}
      onMouseLeave={[Function]}
      onMouseUp={[Function]}
      onTouchEnd={[Function]}
      onTouchMove={[Function]}
      onTouchStart={[Function]}
      tabIndex={0}
      type="button"
    >
      <span
        className="MuiButton-label"
      >
        NEXT
      </span>
    </button>
  </div>
</div>
`;
