// Jest Snapshot v1, https://goo.gl/fbAQLP

exports[`CustomCard 1`] = `
<div
  className="MuiPaper-root MuiCard-root makeStyles-root-1 MuiPaper-elevation1 MuiPaper-rounded"
  onClick={[Function]}
>
  <button
    className="MuiButtonBase-root MuiCardActionArea-root"
    disabled={false}
    onBlur={[Function]}
    onDragLeave={[Function]}
    onFocus={[Function]}
    onKeyDown={[Function]}
    onKeyUp={[Function]}
    onMouseDown={[Function]}
    onMouseLeave={[Function]}
    onMouseUp={[Function]}
    onTouchEnd={[Function]}
    onTouchMove={[Function]}
    onTouchStart={[Function]}
    tabIndex={0}
    type="button"
  >
    <div
      className="MuiCardContent-root"
    >
      <p
        className="MuiTypography-root makeStyles-title-2 MuiTypography-body1 MuiTypography-colorTextSecondary MuiTypography-gutterBottom"
      >
        New
      </p>
      <h2
        className="MuiTypography-root MuiTypography-h5 MuiTypography-gutterBottom"
      >
        INC0010128
      </h2>
      <p
        className="MuiTypography-root makeStyles-pos-3 MuiTypography-body1 MuiTypography-colorTextSecondary"
      >
        Application: 
        application value
      </p>
      <p
        className="MuiTypography-root makeStyles-pos-3 MuiTypography-body1 MuiTypography-colorTextSecondary"
      >
        Assignee: 
        System Administrator
      </p>
      <p
        className="MuiTypography-root makeStyles-shortDesc-4 MuiTypography-body2"
      >
        No approved expenses
      </p>
    </div>
    <span
      className="MuiCardActionArea-focusHighlight"
    />
  </button>
  <div
    className="MuiCardActions-root MuiCardActions-spacing"
  >
    <button
      className="MuiButtonBase-root MuiButton-root MuiButton-text MuiButton-textSizeSmall MuiButton-sizeSmall"
      disabled={false}
      onBlur={[Function]}
      onDragLeave={[Function]}
      onFocus={[Function]}
      onKeyDown={[Function]}
      onKeyUp={[Function]}
      onMouseDown={[Function]}
      onMouseLeave={[Function]}
      onMouseUp={[Function]}
      onTouchEnd={[Function]}
      onTouchMove={[Function]}
      onTouchStart={[Function]}
      tabIndex={0}
      type="button"
    >
      <span
        className="MuiButton-label"
      >
        Learn More
      </span>
    </button>
  </div>
  <div />
</div>
`;
